[2026-02-24 05:08:47] local.ERROR: Allowed memory size of 134217728 bytes exhausted (tried to allocate 262144 bytes) {"userId":2,"exception":"[object] (Symfony\\Component\\ErrorHandler\\Error\\FatalError(code: 0): Allowed memory size of 134217728 bytes exhausted (tried to allocate 262144 bytes) at /Users/pips/Development/NOW/Etc/erpips/vendor/laravel/framework/src/Illuminate/Container/Container.php:815)
[stacktrace]
#0 {main}
"} 
[2026-02-24 05:10:03] local.ERROR: The "--compact" option does not exist. {"exception":"[object] (Symfony\\Component\\Console\\Exception\\RuntimeException(code: 0): The \"--compact\" option does not exist. at /Users/pips/Development/NOW/Etc/erpips/vendor/symfony/console/Input/ArgvInput.php:217)
[stacktrace]
#0 /Users/pips/Development/NOW/Etc/erpips/vendor/symfony/console/Input/ArgvInput.php(146): Symfony\\Component\\Console\\Input\\ArgvInput->addLongOption('compact', NULL)
#1 /Users/pips/Development/NOW/Etc/erpips/vendor/symfony/console/Input/ArgvInput.php(79): Symfony\\Component\\Console\\Input\\ArgvInput->parseLongOption('--compact')
#2 /Users/pips/Development/NOW/Etc/erpips/vendor/symfony/console/Input/ArgvInput.php(68): Symfony\\Component\\Console\\Input\\ArgvInput->parseToken('--compact', true)
#3 /Users/pips/Development/NOW/Etc/erpips/vendor/symfony/console/Input/Input.php(52): Symfony\\Component\\Console\\Input\\ArgvInput->parse()
#4 /Users/pips/Development/NOW/Etc/erpips/vendor/symfony/console/Command/Command.php(271): Symfony\\Component\\Console\\Input\\Input->bind(Object(Symfony\\Component\\Console\\Input\\InputDefinition))
#5 /Users/pips/Development/NOW/Etc/erpips/vendor/laravel/framework/src/Illuminate/Console/Command.php(151): Symfony\\Component\\Console\\Command\\Command->run(Object(Symfony\\Component\\Console\\Input\\ArgvInput), Object(Illuminate\\Console\\OutputStyle))
#6 /Users/pips/Development/NOW/Etc/erpips/vendor/symfony/console/Application.php(1020): Illuminate\\Console\\Command->run(Object(Symfony\\Component\\Console\\Input\\ArgvInput), Object(Symfony\\Component\\Console\\Output\\ConsoleOutput))
#7 /Users/pips/Development/NOW/Etc/erpips/vendor/symfony/console/Application.php(312): Symfony\\Component\\Console\\Application->doRunCommand(Object(Illuminate\\Foundation\\Console\\RouteListCommand), Object(Symfony\\Component\\Console\\Input\\ArgvInput), Object(Symfony\\Component\\Console\\Output\\ConsoleOutput))
#8 /Users/pips/Development/NOW/Etc/erpips/vendor/symfony/console/Application.php(168): Symfony\\Component\\Console\\Application->doRun(Object(Symfony\\Component\\Console\\Input\\ArgvInput), Object(Symfony\\Component\\Console\\Output\\ConsoleOutput))
#9 /Users/pips/Development/NOW/Etc/erpips/vendor/laravel/framework/src/Illuminate/Console/Application.php(102): Symfony\\Component\\Console\\Application->run(Object(Symfony\\Component\\Console\\Input\\ArgvInput), Object(Symfony\\Component\\Console\\Output\\ConsoleOutput))
#10 /Users/pips/Development/NOW/Etc/erpips/vendor/laravel/framework/src/Illuminate/Foundation/Console/Kernel.php(155): Illuminate\\Console\\Application->run(Object(Symfony\\Component\\Console\\Input\\ArgvInput), Object(Symfony\\Component\\Console\\Output\\ConsoleOutput))
#11 /Users/pips/Development/NOW/Etc/erpips/artisan(35): Illuminate\\Foundation\\Console\\Kernel->handle(Object(Symfony\\Component\\Console\\Input\\ArgvInput), Object(Symfony\\Component\\Console\\Output\\ConsoleOutput))
#12 {main}
"} 
[2026-02-24 05:22:06] local.ERROR: Writing to /Users/pips/.config/psysh/psysh_history is not allowed. {"exception":"[object] (ErrorException(code: 0): Writing to /Users/pips/.config/psysh/psysh_history is not allowed. at /Users/pips/Development/NOW/Etc/erpips/vendor/psy/psysh/src/ConfigPaths.php:420)
[stacktrace]
#0 /Users/pips/Development/NOW/Etc/erpips/vendor/laravel/framework/src/Illuminate/Foundation/Bootstrap/HandleExceptions.php(259): Illuminate\\Foundation\\Bootstrap\\HandleExceptions->handleError(1024, 'Writing to /Use...', '/Users/pips/Dev...', 420)
#1 [internal function]: Illuminate\\Foundation\\Bootstrap\\HandleExceptions->Illuminate\\Foundation\\Bootstrap\\{closure}(1024, 'Writing to /Use...', '/Users/pips/Dev...', 420)
#2 /Users/pips/Development/NOW/Etc/erpips/vendor/psy/psysh/src/ConfigPaths.php(420): trigger_error('Writing to /Use...', 1024)
#3 /Users/pips/Development/NOW/Etc/erpips/vendor/psy/psysh/src/Configuration.php(644): Psy\\ConfigPaths::touchFileWithMkdir('/Users/pips/.co...')
#4 /Users/pips/Development/NOW/Etc/erpips/vendor/psy/psysh/src/Configuration.php(669): Psy\\Configuration->setHistoryFile('/Users/pips/.co...')
#5 /Users/pips/Development/NOW/Etc/erpips/vendor/psy/psysh/src/Configuration.php(809): Psy\\Configuration->getHistoryFile()
#6 /Users/pips/Development/NOW/Etc/erpips/vendor/psy/psysh/src/Shell.php(96): Psy\\Configuration->getReadline()
#7 /Users/pips/Development/NOW/Etc/erpips/vendor/laravel/tinker/src/Console/TinkerCommand.php(59): Psy\\Shell->__construct(Object(Psy\\Configuration))
#8 /Users/pips/Development/NOW/Etc/erpips/vendor/laravel/framework/src/Illuminate/Container/BoundMethod.php(36): Laravel\\Tinker\\Console\\TinkerCommand->handle()
#9 /Users/pips/Development/NOW/Etc/erpips/vendor/laravel/framework/src/Illuminate/Container/Util.php(41): Illuminate\\Container\\BoundMethod::Illuminate\\Container\\{closure}()
#10 /Users/pips/Development/NOW/Etc/erpips/vendor/laravel/framework/src/Illuminate/Container/BoundMethod.php(93): Illuminate\\Container\\Util::unwrapIfClosure(Object(Closure))
#11 /Users/pips/Development/NOW/Etc/erpips/vendor/laravel/framework/src/Illuminate/Container/BoundMethod.php(35): Illuminate\\Container\\BoundMethod::callBoundMethod(Object(Illuminate\\Foundation\\Application), Array, Object(Closure))
#12 /Users/pips/Development/NOW/Etc/erpips/vendor/laravel/framework/src/Illuminate/Container/Container.php(651): Illuminate\\Container\\BoundMethod::call(Object(Illuminate\\Foundation\\Application), Array, Array, NULL)
#13 /Users/pips/Development/NOW/Etc/erpips/vendor/laravel/framework/src/Illuminate/Console/Command.php(182): Illuminate\\Container\\Container->call(Array)
#14 /Users/pips/Development/NOW/Etc/erpips/vendor/symfony/console/Command/Command.php(312): Illuminate\\Console\\Command->execute(Object(Symfony\\Component\\Console\\Input\\ArgvInput), Object(Illuminate\\Console\\OutputStyle))
#15 /Users/pips/Development/NOW/Etc/erpips/vendor/laravel/framework/src/Illuminate/Console/Command.php(151): Symfony\\Component\\Console\\Command\\Command->run(Object(Symfony\\Component\\Console\\Input\\ArgvInput), Object(Illuminate\\Console\\OutputStyle))
#16 /Users/pips/Development/NOW/Etc/erpips/vendor/symfony/console/Application.php(1020): Illuminate\\Console\\Command->run(Object(Symfony\\Component\\Console\\Input\\ArgvInput), Object(Symfony\\Component\\Console\\Output\\ConsoleOutput))
#17 /Users/pips/Development/NOW/Etc/erpips/vendor/symfony/console/Application.php(312): Symfony\\Component\\Console\\Application->doRunCommand(Object(Laravel\\Tinker\\Console\\TinkerCommand), Object(Symfony\\Component\\Console\\Input\\ArgvInput), Object(Symfony\\Component\\Console\\Output\\ConsoleOutput))
#18 /Users/pips/Development/NOW/Etc/erpips/vendor/symfony/console/Application.php(168): Symfony\\Component\\Console\\Application->doRun(Object(Symfony\\Component\\Console\\Input\\ArgvInput), Object(Symfony\\Component\\Console\\Output\\ConsoleOutput))
#19 /Users/pips/Development/NOW/Etc/erpips/vendor/laravel/framework/src/Illuminate/Console/Application.php(102): Symfony\\Component\\Console\\Application->run(Object(Symfony\\Component\\Console\\Input\\ArgvInput), Object(Symfony\\Component\\Console\\Output\\ConsoleOutput))
#20 /Users/pips/Development/NOW/Etc/erpips/vendor/laravel/framework/src/Illuminate/Foundation/Console/Kernel.php(155): Illuminate\\Console\\Application->run(Object(Symfony\\Component\\Console\\Input\\ArgvInput), Object(Symfony\\Component\\Console\\Output\\ConsoleOutput))
#21 /Users/pips/Development/NOW/Etc/erpips/artisan(35): Illuminate\\Foundation\\Console\\Kernel->handle(Object(Symfony\\Component\\Console\\Input\\ArgvInput), Object(Symfony\\Component\\Console\\Output\\ConsoleOutput))
#22 {main}
"} 
[2026-02-24 05:22:24] local.ERROR: Uncaught PDOException: SQLSTATE[HY000] [2002] Operation not permitted in /Users/pips/Development/NOW/Etc/erpips/vendor/laravel/framework/src/Illuminate/Database/Connectors/Connector.php:70
Stack trace:
#0 /Users/pips/Development/NOW/Etc/erpips/vendor/laravel/framework/src/Illuminate/Database/Connectors/Connector.php(70): PDO->__construct('mysql:host=127....', 'root', Object(SensitiveParameterValue), Array)
#1 /Users/pips/Development/NOW/Etc/erpips/vendor/laravel/framework/src/Illuminate/Database/Connectors/Connector.php(45): Illuminate\Database\Connectors\Connector->createPdoConnection('mysql:host=127....', 'root', '', Array)
#2 /Users/pips/Development/NOW/Etc/erpips/vendor/laravel/framework/src/Illuminate/Database/Connectors/MySqlConnector.php(24): Illuminate\Database\Connectors\Connector->createConnection('mysql:host=127....', Array, Array)
#3 /Users/pips/Development/NOW/Etc/erpips/vendor/laravel/framework/src/Illuminate/Database/Connectors/ConnectionFactory.php(184): Illuminate\Database\Connectors\MySqlConnector->connect(Array)
#4 [internal function]: Illuminate\Database\Connectors\ConnectionFactory->Illuminate\Database\Connectors\{closure}()
#5 /Users/pips/Development/NOW/Etc/erpips/vendor/laravel/framework/src/Illuminate/Database/Connection.php(1171): call_user_func(Object(Closure))
#6 /Users/pips/Development/NOW/Etc/erpips/vendor/laravel/framework/src/Illuminate/Database/Connection.php(566): Illuminate\Database\Connection->getPdo()
#7 /Users/pips/Development/NOW/Etc/erpips/vendor/laravel/framework/src/Illuminate/Database/Connection.php(753): Illuminate\Database\Connection->Illuminate\Database\{closure}('update `setting...', Array)
#8 /Users/pips/Development/NOW/Etc/erpips/vendor/laravel/framework/src/Illuminate/Database/Connection.php(720): Illuminate\Database\Connection->runQueryCallback('update `setting...', Array, Object(Closure))
#9 /Users/pips/Development/NOW/Etc/erpips/vendor/laravel/framework/src/Illuminate/Database/Connection.php(558): Illuminate\Database\Connection->run('update `setting...', Array, Object(Closure))
#10 /Users/pips/Development/NOW/Etc/erpips/vendor/laravel/framework/src/Illuminate/Database/Connection.php(510): Illuminate\Database\Connection->affectingStatement('update `setting...', Array)
#11 /Users/pips/Development/NOW/Etc/erpips/vendor/laravel/framework/src/Illuminate/Database/Query/Builder.php(3300): Illuminate\Database\Connection->update('update `setting...', Array)
#12 Command line code(1): Illuminate\Database\Query\Builder->update(Array)
#13 {main}

Next Illuminate\Database\QueryException: SQLSTATE[HY000] [2002] Operation not permitted (SQL: update `settings` set `value` = erpips.png where `name` in (company_logo_light, company_logo_dark)) in /Users/pips/Development/NOW/Etc/erpips/vendor/laravel/framework/src/Illuminate/Database/Connection.php:760
Stack trace:
#0 /Users/pips/Development/NOW/Etc/erpips/vendor/laravel/framework/src/Illuminate/Database/Connection.php(720): Illuminate\Database\Connection->runQueryCallback('update `setting...', Array, Object(Closure))
#1 /Users/pips/Development/NOW/Etc/erpips/vendor/laravel/framework/src/Illuminate/Database/Connection.php(558): Illuminate\Database\Connection->run('update `setting...', Array, Object(Closure))
#2 /Users/pips/Development/NOW/Etc/erpips/vendor/laravel/framework/src/Illuminate/Database/Connection.php(510): Illuminate\Database\Connection->affectingStatement('update `setting...', Array)
#3 /Users/pips/Development/NOW/Etc/erpips/vendor/laravel/framework/src/Illuminate/Database/Query/Builder.php(3300): Illuminate\Database\Connection->update('update `setting...', Array)
#4 Command line code(1): Illuminate\Database\Query\Builder->update(Array)
#5 {main}
  thrown {"exception":"[object] (Symfony\\Component\\ErrorHandler\\Error\\FatalError(code: 0): Uncaught PDOException: SQLSTATE[HY000] [2002] Operation not permitted in /Users/pips/Development/NOW/Etc/erpips/vendor/laravel/framework/src/Illuminate/Database/Connectors/Connector.php:70
Stack trace:
#0 /Users/pips/Development/NOW/Etc/erpips/vendor/laravel/framework/src/Illuminate/Database/Connectors/Connector.php(70): PDO->__construct('mysql:host=127....', 'root', Object(SensitiveParameterValue), Array)
#1 /Users/pips/Development/NOW/Etc/erpips/vendor/laravel/framework/src/Illuminate/Database/Connectors/Connector.php(45): Illuminate\\Database\\Connectors\\Connector->createPdoConnection('mysql:host=127....', 'root', '', Array)
#2 /Users/pips/Development/NOW/Etc/erpips/vendor/laravel/framework/src/Illuminate/Database/Connectors/MySqlConnector.php(24): Illuminate\\Database\\Connectors\\Connector->createConnection('mysql:host=127....', Array, Array)
#3 /Users/pips/Development/NOW/Etc/erpips/vendor/laravel/framework/src/Illuminate/Database/Connectors/ConnectionFactory.php(184): Illuminate\\Database\\Connectors\\MySqlConnector->connect(Array)
#4 [internal function]: Illuminate\\Database\\Connectors\\ConnectionFactory->Illuminate\\Database\\Connectors\\{closure}()
#5 /Users/pips/Development/NOW/Etc/erpips/vendor/laravel/framework/src/Illuminate/Database/Connection.php(1171): call_user_func(Object(Closure))
#6 /Users/pips/Development/NOW/Etc/erpips/vendor/laravel/framework/src/Illuminate/Database/Connection.php(566): Illuminate\\Database\\Connection->getPdo()
#7 /Users/pips/Development/NOW/Etc/erpips/vendor/laravel/framework/src/Illuminate/Database/Connection.php(753): Illuminate\\Database\\Connection->Illuminate\\Database\\{closure}('update `setting...', Array)
#8 /Users/pips/Development/NOW/Etc/erpips/vendor/laravel/framework/src/Illuminate/Database/Connection.php(720): Illuminate\\Database\\Connection->runQueryCallback('update `setting...', Array, Object(Closure))
#9 /Users/pips/Development/NOW/Etc/erpips/vendor/laravel/framework/src/Illuminate/Database/Connection.php(558): Illuminate\\Database\\Connection->run('update `setting...', Array, Object(Closure))
#10 /Users/pips/Development/NOW/Etc/erpips/vendor/laravel/framework/src/Illuminate/Database/Connection.php(510): Illuminate\\Database\\Connection->affectingStatement('update `setting...', Array)
#11 /Users/pips/Development/NOW/Etc/erpips/vendor/laravel/framework/src/Illuminate/Database/Query/Builder.php(3300): Illuminate\\Database\\Connection->update('update `setting...', Array)
#12 Command line code(1): Illuminate\\Database\\Query\\Builder->update(Array)
#13 {main}

Next Illuminate\\Database\\QueryException: SQLSTATE[HY000] [2002] Operation not permitted (SQL: update `settings` set `value` = erpips.png where `name` in (company_logo_light, company_logo_dark)) in /Users/pips/Development/NOW/Etc/erpips/vendor/laravel/framework/src/Illuminate/Database/Connection.php:760
Stack trace:
#0 /Users/pips/Development/NOW/Etc/erpips/vendor/laravel/framework/src/Illuminate/Database/Connection.php(720): Illuminate\\Database\\Connection->runQueryCallback('update `setting...', Array, Object(Closure))
#1 /Users/pips/Development/NOW/Etc/erpips/vendor/laravel/framework/src/Illuminate/Database/Connection.php(558): Illuminate\\Database\\Connection->run('update `setting...', Array, Object(Closure))
#2 /Users/pips/Development/NOW/Etc/erpips/vendor/laravel/framework/src/Illuminate/Database/Connection.php(510): Illuminate\\Database\\Connection->affectingStatement('update `setting...', Array)
#3 /Users/pips/Development/NOW/Etc/erpips/vendor/laravel/framework/src/Illuminate/Database/Query/Builder.php(3300): Illuminate\\Database\\Connection->update('update `setting...', Array)
#4 Command line code(1): Illuminate\\Database\\Query\\Builder->update(Array)
#5 {main}
  thrown at /Users/pips/Development/NOW/Etc/erpips/vendor/laravel/framework/src/Illuminate/Database/Connection.php:760)
[stacktrace]
#0 {main}
"} 
